// Jest Snapshot v1, https://goo.gl/fbAQLP

exports[`<CaseNoteAmendmentBlock /> should match the default snapshot 1`] = `
<div
  className="sc-bwzfXH dfdgQA"
>
  <h3
    className="sc-bdVaJa iOvnVG"
  >
    Amendment
  </h3>
  <pre
    className="sc-htpNat bSPCkp"
  >
    Offender says he doesn't like the gym.
  </pre>
  <div
    className="sc-bxivhb deBXyH"
  >
    <span>
      Tuesday
    </span>
     - 
    <span>
      01/29/2019
    </span>
     -
     
    <span>
      9:15 PM
    </span>
  </div>
  User, Test
</div>
`;
