// Jest Snapshot v1, https://goo.gl/fbAQLP

exports[`<CaseNoteAmendmentBlock /> should match the default snapshot 1`] = `
<div
  className="css-1b30ksf"
>
  <h3
    className="sc-bdVaJa dbbMZC"
  >
    Amendment
  </h3>
  <pre
    className="css-9fadba"
  >
    Offender says he doesn't like the gym.
  </pre>
  <div
    className="css-g90fw7"
  >
    <span>
      Tuesday
    </span>
     - 
    <span>
      01/29/2019
    </span>
     -
     
    <span>
      9:15 PM
    </span>
  </div>
  User, Test
</div>
`;
